
======================================================================
  AttentionNet — Training  [XGBOOST]
======================================================================
Loaded config: /home/ams-lab/Documents/Borann_AMS/Research/AttentionNet/configs/config_xgboost.yaml

Output directory : /home/ams-lab/Documents/Borann_AMS/Research/AttentionNet/outputs_v2/xgboost/20260407_131354
✓ Config copy saved to /home/ams-lab/Documents/Borann_AMS/Research/AttentionNet/outputs_v2/xgboost/20260407_131354/config.yaml

======================================================================
LOADING DATA
======================================================================
Loaded features from /home/ams-lab/Documents/Borann_AMS/Research/AttentionNet/daisee_features_v2/X_features.npy  shape=(8503, 150, 78)
Samples          : 8503
Sequence length  : 150
Feature dim      : 78

Split  -> train=5952  val=1275  test=1276

Normalizing features (strategy=mixed) ...

================================================================================
Fitting Feature Normalizer
================================================================================
Strategy: mixed
Data shape: (5952, 150, 78)
Reshaped for fitting: (892800, 78)

--------------------------------------------------------------------------------
Group: BLENDSHAPES
--------------------------------------------------------------------------------
Original scale:
  Mean:  [-0.0129, 0.0104]
  Std:   [0.9459, 1.0541]
  Min:   [-2.3441, -0.1134]
  Max:   [3.1944, 360.7286]

Normalized scale:
  Mean:  [0.0003, 0.4230]
  Std:   [0.0027, 0.1799]
  Min:   [0.0000, 0.0000]
  Max:   [1.0000, 1.0000]

--------------------------------------------------------------------------------
Group: HEAD_POSE
--------------------------------------------------------------------------------
Original scale:
  Mean:  [-0.0103, 0.0112]
  Std:   [0.9667, 1.0024]
  Min:   [-7.0114, -0.7339]
  Max:   [0.1680, 6.9808]

Normalized scale:
  Mean:  [-0.0000, 0.0000]
  Std:   [1.0000, 1.0000]
  Min:   [-7.2374, -0.7364]
  Max:   [0.1622, 7.2270]

--------------------------------------------------------------------------------
Group: EYE_GAZE
--------------------------------------------------------------------------------
Original scale:
  Mean:  [-0.0068, 0.0073]
  Std:   [0.9930, 0.9998]
  Min:   [-12.0435, -3.4659]
  Max:   [3.3898, 20.2254]

Normalized scale:
  Mean:  [-0.2534, 0.0576]
  Std:   [0.0618, 0.2898]
  Min:   [-1.0000, -1.0000]
  Max:   [1.0000, 1.0000]

--------------------------------------------------------------------------------
Group: COMPOSITE
--------------------------------------------------------------------------------
Original scale:
  Mean:  [-0.0065, 0.0087]
  Std:   [0.9904, 1.0124]
  Min:   [-19.7020, -0.6703]
  Max:   [0.4100, 11.4218]

Normalized scale:
  Mean:  [-0.0000, 0.0000]
  Std:   [1.0000, 1.0000]
  Min:   [-19.4739, -0.6707]
  Max:   [0.4123, 11.4609]

--------------------------------------------------------------------------------
Group: DYNAMICS
--------------------------------------------------------------------------------
Original scale:
  Mean:  [-0.0102, -0.0012]
  Std:   [0.9944, 1.0006]
  Min:   [-2.6090, -1.5265]
  Max:   [3.3459, 6.9562]

Normalized scale:
  Mean:  [0.0261, 0.1514]
  Std:   [0.7355, 1.0027]
  Min:   [-1.8220, -1.3472]
  Max:   [2.5825, 7.0000]

================================================================================
✓ Normalizer fitted successfully!
================================================================================

✓ Normalizer saved to: /home/ams-lab/Documents/Borann_AMS/Research/AttentionNet/outputs_v2/xgboost/20260407_131354/checkpoints/normalizer.pkl

Engineering features for training set...
Engineering features:   0%|          | 0/5952 [00:00<?, ?it/s]Engineering features:   0%|          | 1/5952 [00:00<23:33,  4.21it/s]